  Determining projects to restore...
C:\develop\Tools\code-wiki\src\CodeWiki.Tests\CodeWiki.Tests.csproj : warning NU1608: Detected package version outside of dependency constraint: Microsoft.CodeAnalysis.VisualBasic 4.10.0 requires Microsoft.CodeAnalysis.Common (= 4.10.0) but version Microsoft.CodeAnalysis.Common 5.3.0 was resolved. [C:\develop\Tools\code-wiki\CodeWiki.slnx]
C:\develop\Tools\code-wiki\src\CodeWiki\CodeWiki.csproj : warning NU1608: Detected package version outside of dependency constraint: Microsoft.CodeAnalysis.VisualBasic 4.10.0 requires Microsoft.CodeAnalysis.Common (= 4.10.0) but version Microsoft.CodeAnalysis.Common 5.3.0 was resolved. [C:\develop\Tools\code-wiki\CodeWiki.slnx]
C:\develop\Tools\code-wiki\src\CodeWiki.Tests\CodeWiki.Tests.csproj : warning NU1608: Detected package version outside of dependency constraint: Microsoft.CodeAnalysis.VisualBasic.Workspaces 4.10.0 requires Microsoft.CodeAnalysis.Common (= 4.10.0) but version Microsoft.CodeAnalysis.Common 5.3.0 was resolved. [C:\develop\Tools\code-wiki\CodeWiki.slnx]
C:\develop\Tools\code-wiki\src\CodeWiki.Tests\CodeWiki.Tests.csproj : warning NU1608: Detected package version outside of dependency constraint: Microsoft.CodeAnalysis.VisualBasic.Workspaces 4.10.0 requires Microsoft.CodeAnalysis.Workspaces.Common (= 4.10.0) but version Microsoft.CodeAnalysis.Workspaces.Common 5.3.0 was resolved. [C:\develop\Tools\code-wiki\CodeWiki.slnx]
C:\develop\Tools\code-wiki\src\CodeWiki.Tests\CodeWiki.Tests.csproj : warning NU1903: Package 'System.Security.Cryptography.Xml' 9.0.0 has a known high severity vulnerability, https://github.com/advisories/GHSA-37gx-xxp4-5rgx [C:\develop\Tools\code-wiki\CodeWiki.slnx]
C:\develop\Tools\code-wiki\src\CodeWiki.Tests\CodeWiki.Tests.csproj : warning NU1903: Package 'System.Security.Cryptography.Xml' 9.0.0 has a known high severity vulnerability, https://github.com/advisories/GHSA-w3x6-4m5h-cxqf [C:\develop\Tools\code-wiki\CodeWiki.slnx]
C:\develop\Tools\code-wiki\src\CodeWiki\CodeWiki.csproj : warning NU1608: Detected package version outside of dependency constraint: Microsoft.CodeAnalysis.VisualBasic.Workspaces 4.10.0 requires Microsoft.CodeAnalysis.Common (= 4.10.0) but version Microsoft.CodeAnalysis.Common 5.3.0 was resolved. [C:\develop\Tools\code-wiki\CodeWiki.slnx]
C:\develop\Tools\code-wiki\src\CodeWiki\CodeWiki.csproj : warning NU1608: Detected package version outside of dependency constraint: Microsoft.CodeAnalysis.VisualBasic.Workspaces 4.10.0 requires Microsoft.CodeAnalysis.Workspaces.Common (= 4.10.0) but version Microsoft.CodeAnalysis.Workspaces.Common 5.3.0 was resolved. [C:\develop\Tools\code-wiki\CodeWiki.slnx]
C:\develop\Tools\code-wiki\src\CodeWiki\CodeWiki.csproj : warning NU1903: Package 'System.Security.Cryptography.Xml' 9.0.0 has a known high severity vulnerability, https://github.com/advisories/GHSA-37gx-xxp4-5rgx [C:\develop\Tools\code-wiki\CodeWiki.slnx]
C:\develop\Tools\code-wiki\src\CodeWiki\CodeWiki.csproj : warning NU1903: Package 'System.Security.Cryptography.Xml' 9.0.0 has a known high severity vulnerability, https://github.com/advisories/GHSA-w3x6-4m5h-cxqf [C:\develop\Tools\code-wiki\CodeWiki.slnx]
  All projects are up-to-date for restore.
C:\develop\Tools\code-wiki\src\CodeWiki.Tests\CodeWiki.Tests.csproj : warning NU1608: Detected package version outside of dependency constraint: Microsoft.CodeAnalysis.VisualBasic 4.10.0 requires Microsoft.CodeAnalysis.Common (= 4.10.0) but version Microsoft.CodeAnalysis.Common 5.3.0 was resolved.
C:\develop\Tools\code-wiki\src\CodeWiki.Tests\CodeWiki.Tests.csproj : warning NU1608: Detected package version outside of dependency constraint: Microsoft.CodeAnalysis.VisualBasic.Workspaces 4.10.0 requires Microsoft.CodeAnalysis.Common (= 4.10.0) but version Microsoft.CodeAnalysis.Common 5.3.0 was resolved.
C:\develop\Tools\code-wiki\src\CodeWiki.Tests\CodeWiki.Tests.csproj : warning NU1608: Detected package version outside of dependency constraint: Microsoft.CodeAnalysis.VisualBasic.Workspaces 4.10.0 requires Microsoft.CodeAnalysis.Workspaces.Common (= 4.10.0) but version Microsoft.CodeAnalysis.Workspaces.Common 5.3.0 was resolved.
C:\develop\Tools\code-wiki\src\CodeWiki.Tests\CodeWiki.Tests.csproj : warning NU1903: Package 'System.Security.Cryptography.Xml' 9.0.0 has a known high severity vulnerability, https://github.com/advisories/GHSA-37gx-xxp4-5rgx
C:\develop\Tools\code-wiki\src\CodeWiki.Tests\CodeWiki.Tests.csproj : warning NU1903: Package 'System.Security.Cryptography.Xml' 9.0.0 has a known high severity vulnerability, https://github.com/advisories/GHSA-w3x6-4m5h-cxqf
C:\develop\Tools\code-wiki\src\CodeWiki\CodeWiki.csproj : warning NU1608: Detected package version outside of dependency constraint: Microsoft.CodeAnalysis.VisualBasic 4.10.0 requires Microsoft.CodeAnalysis.Common (= 4.10.0) but version Microsoft.CodeAnalysis.Common 5.3.0 was resolved.
C:\develop\Tools\code-wiki\src\CodeWiki\CodeWiki.csproj : warning NU1608: Detected package version outside of dependency constraint: Microsoft.CodeAnalysis.VisualBasic.Workspaces 4.10.0 requires Microsoft.CodeAnalysis.Common (= 4.10.0) but version Microsoft.CodeAnalysis.Common 5.3.0 was resolved.
C:\develop\Tools\code-wiki\src\CodeWiki\CodeWiki.csproj : warning NU1608: Detected package version outside of dependency constraint: Microsoft.CodeAnalysis.VisualBasic.Workspaces 4.10.0 requires Microsoft.CodeAnalysis.Workspaces.Common (= 4.10.0) but version Microsoft.CodeAnalysis.Workspaces.Common 5.3.0 was resolved.
C:\develop\Tools\code-wiki\src\CodeWiki\CodeWiki.csproj : warning NU1903: Package 'System.Security.Cryptography.Xml' 9.0.0 has a known high severity vulnerability, https://github.com/advisories/GHSA-37gx-xxp4-5rgx
C:\develop\Tools\code-wiki\src\CodeWiki\CodeWiki.csproj : warning NU1903: Package 'System.Security.Cryptography.Xml' 9.0.0 has a known high severity vulnerability, https://github.com/advisories/GHSA-w3x6-4m5h-cxqf
C:\develop\Tools\code-wiki\src\CodeWiki\Pipeline\WorkspaceBuilder.cs(28,23): warning CS0618: 'AnalyzerManager.AnalyzerManager(string, AnalyzerManagerOptions?)' is obsolete: 'Use AnalyzerManager(IOPath, AnalyzerManagerOptions) instead.' [C:\develop\Tools\code-wiki\src\CodeWiki\CodeWiki.csproj]
  CodeWiki -> C:\develop\Tools\code-wiki\src\CodeWiki\bin\Debug\net10.0\CodeWiki.dll
  CodeWiki.Tests -> C:\develop\Tools\code-wiki\src\CodeWiki.Tests\bin\Debug\net10.0\CodeWiki.Tests.dll
Test run for C:\develop\Tools\code-wiki\src\CodeWiki.Tests\bin\Debug\net10.0\CodeWiki.Tests.dll (.NETCoreApp,Version=v10.0)
VSTest version 18.0.2 (x64)

Starting test execution, please wait...
A total of 1 test files matched the specified pattern.

Passed!  - Failed:     0, Passed:    51, Skipped:     0, Total:    51, Duration: 1 s - CodeWiki.Tests.dll (net10.0)
